
================================================================================
UDS3 FULL INTEGRATION TEST - All 4 Databases
================================================================================

[1] Creating Job Manager...
[OK] Job Manager created
   - UDS3 Ready: True
[OK] UDS3 Strategy initialized
   - Relational: True
   - Vector: True
   - Graph: True
   - Document: True

[2] Processing Test Document: test_contract_00ee8128.txt
   Content Length: 543 chars

================================================================================
PROCESSING RESULTS
================================================================================

[Classification]:
   Type: VERTRAG
   Legal Terms: 3
   Quality Score: 0.188
   Document ID: 10d1d0be14909fae

[Database Writes]:
   [OK] [1] PostgreSQL (Relational): success
   [OK] [2] CouchDB (Document): success
   [OK] [3] ChromaDB (Vector): success (2 chunks)
   [OK] [4] Neo4j (Graph): success

[Processing Mode]: UDS3_FULL_POLYGLOT

================================================================================
FINAL ASSESSMENT
================================================================================
[SUCCESS] All 4 databases operational!
   Rating: 5.0/5 - Complete Production System

[3] Cleanup...
[OK] Cleanup complete
